<?php return array (
  0 => 'Symfony\\Bundle\\FrameworkBundle\\Controller\\AbstractController',
  1 => 'App\\Controller\\AdminController',
  2 => 'App\\Controller\\Admin\\DashboardController',
  3 => 'App\\Controller\\Admin\\UserCrudController',
  4 => 'App\\Controller\\BlockedUsersController',
  5 => 'App\\Controller\\CandidatureController',
  6 => 'App\\Controller\\ChercheurController',
  7 => 'App\\Controller\\CommunityController',
  8 => 'App\\Controller\\EvenementsController',
  9 => 'App\\Controller\\EventModController',
  10 => 'App\\Controller\\EventTypeController',
  11 => 'App\\Controller\\ForumController',
  12 => 'App\\Controller\\ForumDetailsController',
  13 => 'App\\Controller\\FreelancerController',
  14 => 'App\\Controller\\HomeController',
  15 => 'App\\Controller\\IndexController',
  16 => 'App\\Controller\\MessageController',
  17 => 'App\\Controller\\ModerateurController',
  18 => 'App\\Controller\\NotificationController',
  19 => 'App\\Controller\\OffreController',
  20 => 'App\\Controller\\OffremodController',
  21 => 'App\\Controller\\RegistrationController',
  22 => 'App\\Controller\\ResetPasswordController',
  23 => 'App\\Controller\\SecurityController',
  24 => 'App\\Controller\\TypecontratController',
  25 => 'App\\Controller\\TypeoffreController',
  26 => 'App\\Controller\\UserDataController',
  27 => 'App\\Entity\\BlockedUser',
  28 => 'App\\Entity\\Candidature',
  29 => 'App\\Entity\\Chercheur',
  30 => 'App\\Entity\\Discussion',
  31 => 'App\\Entity\\Evenement',
  32 => 'App\\Entity\\Freelancer',
  33 => 'App\\Entity\\Message',
  34 => 'App\\Entity\\Moderateur',
  35 => 'App\\Entity\\Notification',
  36 => 'App\\Entity\\Offre',
  37 => 'App\\Entity\\Reply',
  38 => 'App\\Entity\\ResetPasswordRequest',
  39 => 'App\\Entity\\TypeContrat',
  40 => 'App\\Entity\\TypeEvent',
  41 => 'App\\Entity\\TypeOffre',
  42 => 'App\\Entity\\User',
  43 => 'Doctrine\\Bundle\\DoctrineBundle\\Controller\\ProfilerController',
  44 => 'Doctrine\\ORM\\Cache\\Persister\\Entity\\AbstractEntityPersister',
  45 => 'Doctrine\\ORM\\Cache\\Persister\\Entity\\CachedEntityPersister',
  46 => 'Doctrine\\ORM\\Cache\\Persister\\Entity\\NonStrictReadWriteCachedEntityPersister',
  47 => 'Doctrine\\ORM\\Cache\\Persister\\Entity\\ReadOnlyCachedEntityPersister',
  48 => 'Doctrine\\ORM\\Cache\\Persister\\Entity\\ReadWriteCachedEntityPersister',
  49 => 'Doctrine\\ORM\\Persisters\\Entity\\AbstractEntityInheritancePersister',
  50 => 'Doctrine\\ORM\\Persisters\\Entity\\BasicEntityPersister',
  51 => 'Doctrine\\ORM\\Persisters\\Entity\\CachedPersisterContext',
  52 => 'Doctrine\\ORM\\Persisters\\Entity\\EntityPersister',
  53 => 'Doctrine\\ORM\\Persisters\\Entity\\JoinedSubclassPersister',
  54 => 'Doctrine\\ORM\\Persisters\\Entity\\SingleTablePersister',
  55 => 'EasyCorp\\Bundle\\EasyAdminBundle\\Contracts\\Controller\\CrudControllerInterface',
  56 => 'EasyCorp\\Bundle\\EasyAdminBundle\\Contracts\\Controller\\DashboardControllerInterface',
  57 => 'EasyCorp\\Bundle\\EasyAdminBundle\\Controller\\AbstractCrudController',
  58 => 'EasyCorp\\Bundle\\EasyAdminBundle\\Controller\\AbstractDashboardController',
  59 => 'SymfonyCasts\\Bundle\\ResetPassword\\Controller\\ResetPasswordControllerTrait',
  61 => 'Symfony\\Bundle\\FrameworkBundle\\Controller\\ControllerResolver',
  62 => 'Symfony\\Bundle\\FrameworkBundle\\Controller\\RedirectController',
  63 => 'Symfony\\Bundle\\FrameworkBundle\\Controller\\TemplateController',
  64 => 'Symfony\\Bundle\\WebProfilerBundle\\Controller\\ExceptionPanelController',
  65 => 'Symfony\\Bundle\\WebProfilerBundle\\Controller\\ProfilerController',
  66 => 'Symfony\\Bundle\\WebProfilerBundle\\Controller\\RouterController',
  67 => 'Symfony\\Component\\HttpKernel\\Controller\\ArgumentResolver',
  68 => 'Symfony\\Component\\HttpKernel\\Controller\\ArgumentResolverInterface',
  69 => 'Symfony\\Component\\HttpKernel\\Controller\\ArgumentResolver\\BackedEnumValueResolver',
  70 => 'Symfony\\Component\\HttpKernel\\Controller\\ArgumentResolver\\DateTimeValueResolver',
  71 => 'Symfony\\Component\\HttpKernel\\Controller\\ArgumentResolver\\DefaultValueResolver',
  72 => 'Symfony\\Component\\HttpKernel\\Controller\\ArgumentResolver\\NotTaggedControllerValueResolver',
  73 => 'Symfony\\Component\\HttpKernel\\Controller\\ArgumentResolver\\QueryParameterValueResolver',
  74 => 'Symfony\\Component\\HttpKernel\\Controller\\ArgumentResolver\\RequestAttributeValueResolver',
  75 => 'Symfony\\Component\\HttpKernel\\Controller\\ArgumentResolver\\RequestPayloadValueResolver',
  76 => 'Symfony\\Component\\HttpKernel\\Controller\\ArgumentResolver\\RequestValueResolver',
  77 => 'Symfony\\Component\\HttpKernel\\Controller\\ArgumentResolver\\ServiceValueResolver',
  78 => 'Symfony\\Component\\HttpKernel\\Controller\\ArgumentResolver\\SessionValueResolver',
  79 => 'Symfony\\Component\\HttpKernel\\Controller\\ArgumentResolver\\TraceableValueResolver',
  80 => 'Symfony\\Component\\HttpKernel\\Controller\\ArgumentResolver\\UidValueResolver',
  81 => 'Symfony\\Component\\HttpKernel\\Controller\\ArgumentResolver\\VariadicValueResolver',
  82 => 'Symfony\\Component\\HttpKernel\\Controller\\ArgumentValueResolverInterface',
  83 => 'Symfony\\Component\\HttpKernel\\Controller\\ContainerControllerResolver',
  84 => 'Symfony\\Component\\HttpKernel\\Controller\\ControllerReference',
  85 => 'Symfony\\Component\\HttpKernel\\Controller\\ControllerResolver',
  86 => 'Symfony\\Component\\HttpKernel\\Controller\\ControllerResolverInterface',
  87 => 'Symfony\\Component\\HttpKernel\\Controller\\ErrorController',
  88 => 'Symfony\\Component\\HttpKernel\\Controller\\TraceableArgumentResolver',
  89 => 'Symfony\\Component\\HttpKernel\\Controller\\TraceableControllerResolver',
  90 => 'Symfony\\Component\\HttpKernel\\Controller\\ValueResolverInterface',
  91 => 'Symfony\\Component\\Security\\Http\\Controller\\SecurityTokenValueResolver',
  92 => 'Symfony\\Component\\Security\\Http\\Controller\\UserValueResolver',
);